C:/Users/admin/OneDrive/Attachments/Filehoctap/Summer semester/Embedded C/mliot-embeddedc-2026-hw/week04/Task 3/Core/Src/main.c:11:5:main	8	static
C:/Users/admin/OneDrive/Attachments/Filehoctap/Summer semester/Embedded C/mliot-embeddedc-2026-hw/week04/Task 3/Core/Src/main.c:36:13:MX_GPIO_Init	40	static
C:/Users/admin/OneDrive/Attachments/Filehoctap/Summer semester/Embedded C/mliot-embeddedc-2026-hw/week04/Task 3/Core/Src/main.c:59:6:SystemClock_Config	72	static
C:/Users/admin/OneDrive/Attachments/Filehoctap/Summer semester/Embedded C/mliot-embeddedc-2026-hw/week04/Task 3/Core/Src/main.c:89:6:Error_Handler	4	static
